// Bun Snapshot v1, https://bun.sh/docs/test/snapshots

exports[`agent configuration reaches the production model request api creator retains null legacy and all request parity 1`] = `
{
  "hosted": [
    {
      "name": "web_search",
      "providerData": {
        "filters": undefined,
        "name": "web_search",
        "search_context_size": "medium",
        "type": "web_search",
        "user_location": undefined,
      },
      "type": "hosted_tool",
    },
    {
      "name": "image_generation",
      "providerData": {
        "background": undefined,
        "input_fidelity": undefined,
        "input_image_mask": undefined,
        "model": "gpt-image-2",
        "moderation": undefined,
        "name": "image_generation",
        "output_compression": undefined,
        "output_format": undefined,
        "partial_images": undefined,
        "quality": undefined,
        "size": undefined,
        "type": "image_generation",
      },
      "type": "hosted_tool",
    },
  ],
  "names": [
    "docs__search_documents",
    "files__search_documents",
    "image_generation",
    "interaction__browser_act",
    "interaction__browser_auth",
    "interaction__browser_clipboard",
    "interaction__browser_debug",
    "interaction__browser_download_save",
    "interaction__browser_downloads",
    "interaction__browser_identity",
    "interaction__browser_lifecycle",
    "interaction__browser_observe",
    "interaction__browser_open",
    "interaction__browser_publish",
    "interaction__browser_read",
    "interaction__browser_screenshot",
    "interaction__browser_tabs",
    "interaction__computer_act",
    "interaction__computer_clipboard",
    "interaction__computer_lifecycle",
    "interaction__computer_observe",
    "interaction__computer_open",
    "interaction__computer_targets",
    "interaction__interaction_discover",
    "interaction__interaction_request_human",
    "list_models",
    "mcp_5b24cf96faa123f406b2e094__search_documents",
    "opengeni__artifacts_archive",
    "opengeni__artifacts_create",
    "opengeni__artifacts_get_source",
    "opengeni__artifacts_list",
    "opengeni__artifacts_prepare_upload",
    "opengeni__artifacts_publish",
    "opengeni__artifacts_restore",
    "opengeni__artifacts_rollback",
    "opengeni__browser_act",
    "opengeni__browser_auth",
    "opengeni__browser_clipboard",
    "opengeni__browser_debug",
    "opengeni__browser_download_save",
    "opengeni__browser_downloads",
    "opengeni__browser_identity",
    "opengeni__browser_lifecycle",
    "opengeni__browser_observe",
    "opengeni__browser_open",
    "opengeni__browser_publish",
    "opengeni__browser_read",
    "opengeni__browser_screenshot",
    "opengeni__browser_tabs",
    "opengeni__capability_authorization_request",
    "opengeni__capability_catalog_search",
    "opengeni__company_profile_confirm",
    "opengeni__company_profile_propose",
    "opengeni__computer_act",
    "opengeni__computer_clipboard",
    "opengeni__computer_lifecycle",
    "opengeni__computer_observe",
    "opengeni__computer_open",
    "opengeni__computer_targets",
    "opengeni__connected_machine_enroll_token",
    "opengeni__connected_machine_remove",
    "opengeni__custom_mcp_setup_request",
    "opengeni__editable_artifact_apply",
    "opengeni__editable_artifact_create",
    "opengeni__editable_artifact_export",
    "opengeni__editable_artifact_export_status",
    "opengeni__editable_artifact_get",
    "opengeni__editable_artifact_import",
    "opengeni__editable_artifact_inspect",
    "opengeni__editable_artifact_list",
    "opengeni__environment_list",
    "opengeni__environment_set_variable",
    "opengeni__fiken_bank_accounts_list",
    "opengeni__fiken_companies_list",
    "opengeni__fiken_contact_create",
    "opengeni__fiken_contacts_list",
    "opengeni__fiken_invoice_draft_create",
    "opengeni__fiken_invoice_get",
    "opengeni__fiken_invoices_list",
    "opengeni__fiken_products_list",
    "opengeni__fiken_purchases_list",
    "opengeni__fiken_sales_list",
    "opengeni__github_connect_link",
    "opengeni__github_repositories_list",
    "opengeni__goal_complete",
    "opengeni__goal_pause",
    "opengeni__goal_progress",
    "opengeni__goal_resume",
    "opengeni__goal_set",
    "opengeni__goal_update",
    "opengeni__inbox_tidy",
    "opengeni__instruction_policy_get",
    "opengeni__instruction_policy_save",
    "opengeni__interaction_discover",
    "opengeni__interaction_request_human",
    "opengeni__knowledge_archive",
    "opengeni__knowledge_browse",
    "opengeni__knowledge_get",
    "opengeni__knowledge_prepare_save",
    "opengeni__knowledge_retain_file",
    "opengeni__knowledge_retain_message",
    "opengeni__knowledge_save",
    "opengeni__knowledge_search",
    "opengeni__notification_withdraw",
    "opengeni__notify_user",
    "opengeni__preference_registry_get",
    "opengeni__preference_registry_summary",
    "opengeni__project_create",
    "opengeni__project_delete",
    "opengeni__project_get",
    "opengeni__project_list",
    "opengeni__project_reorder",
    "opengeni__project_update",
    "opengeni__reddit_accounts_list",
    "opengeni__reddit_mentions_live",
    "opengeni__reddit_post_reply",
    "opengeni__reddit_posts_sync",
    "opengeni__reddit_search_live",
    "opengeni__reddit_thread_fetch",
    "opengeni__remember_confirm",
    "opengeni__rig_get",
    "opengeni__rig_list",
    "opengeni__rig_promote",
    "opengeni__rig_propose_change",
    "opengeni__rig_verify",
    "opengeni__run_on",
    "opengeni__sandbox_attach",
    "opengeni__sandbox_file_publish",
    "opengeni__sandbox_provision",
    "opengeni__sandbox_swap",
    "opengeni__sandboxes_list",
    "opengeni__scheduled_task_runs_list",
    "opengeni__scheduled_tasks_create",
    "opengeni__scheduled_tasks_delete",
    "opengeni__scheduled_tasks_get",
    "opengeni__scheduled_tasks_list",
    "opengeni__scheduled_tasks_pause",
    "opengeni__scheduled_tasks_resume",
    "opengeni__scheduled_tasks_trigger",
    "opengeni__scheduled_tasks_update",
    "opengeni__session_create",
    "opengeni__session_events",
    "opengeni__session_get",
    "opengeni__session_human_input_respond",
    "opengeni__session_pause",
    "opengeni__session_resume",
    "opengeni__session_send_message",
    "opengeni__session_set_model",
    "opengeni__session_set_project",
    "opengeni__session_steer",
    "opengeni__session_wait",
    "opengeni__sessions_list",
    "opengeni__set_other_session_title",
    "opengeni__set_session_title",
    "opengeni__slack_bot_channel_history",
    "opengeni__slack_bot_delete_message",
    "opengeni__slack_bot_file_content",
    "opengeni__slack_bot_file_info",
    "opengeni__slack_bot_list_channels",
    "opengeni__slack_bot_list_files",
    "opengeni__slack_bot_list_users",
    "opengeni__slack_bot_post_message",
    "opengeni__slack_bot_prepare_message",
    "opengeni__slack_bot_search",
    "opengeni__slack_bot_send_prepared_message",
    "opengeni__slack_bot_thread_replies",
    "opengeni__slack_bot_upload_file",
    "opengeni__social_connections_list",
    "opengeni__social_daily_analysis_context",
    "opengeni__social_mentions_live",
    "opengeni__social_post_reply",
    "opengeni__social_posts_recent",
    "opengeni__social_posts_sync",
    "opengeni__social_search_live",
    "opengeni__social_thread_fetch",
    "opengeni__task_note_archive",
    "opengeni__task_note_promote_knowledge",
    "opengeni__task_note_replace",
    "opengeni__task_note_save",
    "opengeni__task_notes_list",
    "opengeni__variable_set_get_variable",
    "opengeni__variable_set_list",
    "opengeni__variable_set_set_variable",
    "opengeni__wait_for_input",
    "opengeni__work_claim_release",
    "opengeni__work_claim_upsert",
    "opengeni__x_accounts_list",
    "opengeni__x_mentions_live",
    "opengeni__x_post_reply",
    "opengeni__x_posts_sync",
    "opengeni__x_search_live",
    "opengeni__x_thread_fetch",
    "request_human_input",
    "skill_checkout",
    "skill_install",
    "skill_publish",
    "skill_read",
    "skill_remove",
    "skill_save",
    "skill_search",
    "web_search",
  ],
}
`;

exports[`agent configuration reaches the production model request slack creator retains null legacy and all request parity 1`] = `
{
  "hosted": [
    {
      "name": "web_search",
      "providerData": {
        "filters": undefined,
        "name": "web_search",
        "search_context_size": "medium",
        "type": "web_search",
        "user_location": undefined,
      },
      "type": "hosted_tool",
    },
    {
      "name": "image_generation",
      "providerData": {
        "background": undefined,
        "input_fidelity": undefined,
        "input_image_mask": undefined,
        "model": "gpt-image-2",
        "moderation": undefined,
        "name": "image_generation",
        "output_compression": undefined,
        "output_format": undefined,
        "partial_images": undefined,
        "quality": undefined,
        "size": undefined,
        "type": "image_generation",
      },
      "type": "hosted_tool",
    },
  ],
  "names": [
    "docs__search_documents",
    "files__search_documents",
    "image_generation",
    "interaction__browser_act",
    "interaction__browser_auth",
    "interaction__browser_clipboard",
    "interaction__browser_debug",
    "interaction__browser_download_save",
    "interaction__browser_downloads",
    "interaction__browser_identity",
    "interaction__browser_lifecycle",
    "interaction__browser_observe",
    "interaction__browser_open",
    "interaction__browser_publish",
    "interaction__browser_read",
    "interaction__browser_screenshot",
    "interaction__browser_tabs",
    "interaction__computer_act",
    "interaction__computer_clipboard",
    "interaction__computer_lifecycle",
    "interaction__computer_observe",
    "interaction__computer_open",
    "interaction__computer_targets",
    "interaction__interaction_discover",
    "interaction__interaction_request_human",
    "list_models",
    "mcp_5b24cf96faa123f406b2e094__search_documents",
    "opengeni__artifacts_archive",
    "opengeni__artifacts_create",
    "opengeni__artifacts_get_source",
    "opengeni__artifacts_list",
    "opengeni__artifacts_prepare_upload",
    "opengeni__artifacts_publish",
    "opengeni__artifacts_restore",
    "opengeni__artifacts_rollback",
    "opengeni__browser_act",
    "opengeni__browser_auth",
    "opengeni__browser_clipboard",
    "opengeni__browser_debug",
    "opengeni__browser_download_save",
    "opengeni__browser_downloads",
    "opengeni__browser_identity",
    "opengeni__browser_lifecycle",
    "opengeni__browser_observe",
    "opengeni__browser_open",
    "opengeni__browser_publish",
    "opengeni__browser_read",
    "opengeni__browser_screenshot",
    "opengeni__browser_tabs",
    "opengeni__capability_authorization_request",
    "opengeni__capability_catalog_search",
    "opengeni__company_profile_confirm",
    "opengeni__company_profile_propose",
    "opengeni__computer_act",
    "opengeni__computer_clipboard",
    "opengeni__computer_lifecycle",
    "opengeni__computer_observe",
    "opengeni__computer_open",
    "opengeni__computer_targets",
    "opengeni__connected_machine_enroll_token",
    "opengeni__connected_machine_remove",
    "opengeni__custom_mcp_setup_request",
    "opengeni__editable_artifact_apply",
    "opengeni__editable_artifact_create",
    "opengeni__editable_artifact_export",
    "opengeni__editable_artifact_export_status",
    "opengeni__editable_artifact_get",
    "opengeni__editable_artifact_import",
    "opengeni__editable_artifact_inspect",
    "opengeni__editable_artifact_list",
    "opengeni__environment_list",
    "opengeni__environment_set_variable",
    "opengeni__fiken_bank_accounts_list",
    "opengeni__fiken_companies_list",
    "opengeni__fiken_contact_create",
    "opengeni__fiken_contacts_list",
    "opengeni__fiken_invoice_draft_create",
    "opengeni__fiken_invoice_get",
    "opengeni__fiken_invoices_list",
    "opengeni__fiken_products_list",
    "opengeni__fiken_purchases_list",
    "opengeni__fiken_sales_list",
    "opengeni__github_connect_link",
    "opengeni__github_repositories_list",
    "opengeni__goal_complete",
    "opengeni__goal_pause",
    "opengeni__goal_progress",
    "opengeni__goal_resume",
    "opengeni__goal_set",
    "opengeni__goal_update",
    "opengeni__inbox_tidy",
    "opengeni__instruction_policy_get",
    "opengeni__instruction_policy_save",
    "opengeni__interaction_discover",
    "opengeni__interaction_request_human",
    "opengeni__knowledge_archive",
    "opengeni__knowledge_browse",
    "opengeni__knowledge_get",
    "opengeni__knowledge_prepare_save",
    "opengeni__knowledge_retain_file",
    "opengeni__knowledge_retain_message",
    "opengeni__knowledge_save",
    "opengeni__knowledge_search",
    "opengeni__notification_withdraw",
    "opengeni__notify_user",
    "opengeni__preference_registry_get",
    "opengeni__preference_registry_summary",
    "opengeni__project_create",
    "opengeni__project_delete",
    "opengeni__project_get",
    "opengeni__project_list",
    "opengeni__project_reorder",
    "opengeni__project_update",
    "opengeni__reddit_accounts_list",
    "opengeni__reddit_mentions_live",
    "opengeni__reddit_post_reply",
    "opengeni__reddit_posts_sync",
    "opengeni__reddit_search_live",
    "opengeni__reddit_thread_fetch",
    "opengeni__remember_confirm",
    "opengeni__rig_get",
    "opengeni__rig_list",
    "opengeni__rig_promote",
    "opengeni__rig_propose_change",
    "opengeni__rig_verify",
    "opengeni__run_on",
    "opengeni__sandbox_attach",
    "opengeni__sandbox_file_publish",
    "opengeni__sandbox_provision",
    "opengeni__sandbox_swap",
    "opengeni__sandboxes_list",
    "opengeni__scheduled_task_runs_list",
    "opengeni__scheduled_tasks_create",
    "opengeni__scheduled_tasks_delete",
    "opengeni__scheduled_tasks_get",
    "opengeni__scheduled_tasks_list",
    "opengeni__scheduled_tasks_pause",
    "opengeni__scheduled_tasks_resume",
    "opengeni__scheduled_tasks_trigger",
    "opengeni__scheduled_tasks_update",
    "opengeni__session_create",
    "opengeni__session_events",
    "opengeni__session_get",
    "opengeni__session_human_input_respond",
    "opengeni__session_pause",
    "opengeni__session_resume",
    "opengeni__session_send_message",
    "opengeni__session_set_model",
    "opengeni__session_set_project",
    "opengeni__session_steer",
    "opengeni__session_wait",
    "opengeni__sessions_list",
    "opengeni__set_other_session_title",
    "opengeni__set_session_title",
    "opengeni__slack_bot_channel_history",
    "opengeni__slack_bot_delete_message",
    "opengeni__slack_bot_file_content",
    "opengeni__slack_bot_file_info",
    "opengeni__slack_bot_list_channels",
    "opengeni__slack_bot_list_files",
    "opengeni__slack_bot_list_users",
    "opengeni__slack_bot_post_message",
    "opengeni__slack_bot_prepare_message",
    "opengeni__slack_bot_search",
    "opengeni__slack_bot_send_prepared_message",
    "opengeni__slack_bot_thread_replies",
    "opengeni__slack_bot_upload_file",
    "opengeni__social_connections_list",
    "opengeni__social_daily_analysis_context",
    "opengeni__social_mentions_live",
    "opengeni__social_post_reply",
    "opengeni__social_posts_recent",
    "opengeni__social_posts_sync",
    "opengeni__social_search_live",
    "opengeni__social_thread_fetch",
    "opengeni__task_note_archive",
    "opengeni__task_note_promote_knowledge",
    "opengeni__task_note_replace",
    "opengeni__task_note_save",
    "opengeni__task_notes_list",
    "opengeni__variable_set_get_variable",
    "opengeni__variable_set_list",
    "opengeni__variable_set_set_variable",
    "opengeni__wait_for_input",
    "opengeni__work_claim_release",
    "opengeni__work_claim_upsert",
    "opengeni__x_accounts_list",
    "opengeni__x_mentions_live",
    "opengeni__x_post_reply",
    "opengeni__x_posts_sync",
    "opengeni__x_search_live",
    "opengeni__x_thread_fetch",
    "request_human_input",
    "skill_checkout",
    "skill_install",
    "skill_publish",
    "skill_read",
    "skill_remove",
    "skill_save",
    "skill_search",
    "web_search",
  ],
}
`;

exports[`agent configuration reaches the production model request scheduled creator retains null legacy and all request parity 1`] = `
{
  "hosted": [
    {
      "name": "web_search",
      "providerData": {
        "filters": undefined,
        "name": "web_search",
        "search_context_size": "medium",
        "type": "web_search",
        "user_location": undefined,
      },
      "type": "hosted_tool",
    },
    {
      "name": "image_generation",
      "providerData": {
        "background": undefined,
        "input_fidelity": undefined,
        "input_image_mask": undefined,
        "model": "gpt-image-2",
        "moderation": undefined,
        "name": "image_generation",
        "output_compression": undefined,
        "output_format": undefined,
        "partial_images": undefined,
        "quality": undefined,
        "size": undefined,
        "type": "image_generation",
      },
      "type": "hosted_tool",
    },
  ],
  "names": [
    "docs__search_documents",
    "files__search_documents",
    "image_generation",
    "interaction__browser_act",
    "interaction__browser_auth",
    "interaction__browser_clipboard",
    "interaction__browser_debug",
    "interaction__browser_download_save",
    "interaction__browser_downloads",
    "interaction__browser_identity",
    "interaction__browser_lifecycle",
    "interaction__browser_observe",
    "interaction__browser_open",
    "interaction__browser_publish",
    "interaction__browser_read",
    "interaction__browser_screenshot",
    "interaction__browser_tabs",
    "interaction__computer_act",
    "interaction__computer_clipboard",
    "interaction__computer_lifecycle",
    "interaction__computer_observe",
    "interaction__computer_open",
    "interaction__computer_targets",
    "interaction__interaction_discover",
    "interaction__interaction_request_human",
    "list_models",
    "mcp_5b24cf96faa123f406b2e094__search_documents",
    "opengeni__artifacts_archive",
    "opengeni__artifacts_create",
    "opengeni__artifacts_get_source",
    "opengeni__artifacts_list",
    "opengeni__artifacts_prepare_upload",
    "opengeni__artifacts_publish",
    "opengeni__artifacts_restore",
    "opengeni__artifacts_rollback",
    "opengeni__browser_act",
    "opengeni__browser_auth",
    "opengeni__browser_clipboard",
    "opengeni__browser_debug",
    "opengeni__browser_download_save",
    "opengeni__browser_downloads",
    "opengeni__browser_identity",
    "opengeni__browser_lifecycle",
    "opengeni__browser_observe",
    "opengeni__browser_open",
    "opengeni__browser_publish",
    "opengeni__browser_read",
    "opengeni__browser_screenshot",
    "opengeni__browser_tabs",
    "opengeni__capability_authorization_request",
    "opengeni__capability_catalog_search",
    "opengeni__company_profile_confirm",
    "opengeni__company_profile_propose",
    "opengeni__computer_act",
    "opengeni__computer_clipboard",
    "opengeni__computer_lifecycle",
    "opengeni__computer_observe",
    "opengeni__computer_open",
    "opengeni__computer_targets",
    "opengeni__connected_machine_enroll_token",
    "opengeni__connected_machine_remove",
    "opengeni__custom_mcp_setup_request",
    "opengeni__editable_artifact_apply",
    "opengeni__editable_artifact_create",
    "opengeni__editable_artifact_export",
    "opengeni__editable_artifact_export_status",
    "opengeni__editable_artifact_get",
    "opengeni__editable_artifact_import",
    "opengeni__editable_artifact_inspect",
    "opengeni__editable_artifact_list",
    "opengeni__environment_list",
    "opengeni__environment_set_variable",
    "opengeni__fiken_bank_accounts_list",
    "opengeni__fiken_companies_list",
    "opengeni__fiken_contact_create",
    "opengeni__fiken_contacts_list",
    "opengeni__fiken_invoice_draft_create",
    "opengeni__fiken_invoice_get",
    "opengeni__fiken_invoices_list",
    "opengeni__fiken_products_list",
    "opengeni__fiken_purchases_list",
    "opengeni__fiken_sales_list",
    "opengeni__github_connect_link",
    "opengeni__github_repositories_list",
    "opengeni__goal_complete",
    "opengeni__goal_pause",
    "opengeni__goal_progress",
    "opengeni__goal_resume",
    "opengeni__goal_set",
    "opengeni__goal_update",
    "opengeni__inbox_tidy",
    "opengeni__instruction_policy_get",
    "opengeni__instruction_policy_save",
    "opengeni__interaction_discover",
    "opengeni__interaction_request_human",
    "opengeni__knowledge_archive",
    "opengeni__knowledge_browse",
    "opengeni__knowledge_get",
    "opengeni__knowledge_prepare_save",
    "opengeni__knowledge_retain_file",
    "opengeni__knowledge_retain_message",
    "opengeni__knowledge_save",
    "opengeni__knowledge_search",
    "opengeni__notification_withdraw",
    "opengeni__notify_user",
    "opengeni__preference_registry_get",
    "opengeni__preference_registry_summary",
    "opengeni__project_create",
    "opengeni__project_delete",
    "opengeni__project_get",
    "opengeni__project_list",
    "opengeni__project_reorder",
    "opengeni__project_update",
    "opengeni__reddit_accounts_list",
    "opengeni__reddit_mentions_live",
    "opengeni__reddit_post_reply",
    "opengeni__reddit_posts_sync",
    "opengeni__reddit_search_live",
    "opengeni__reddit_thread_fetch",
    "opengeni__remember_confirm",
    "opengeni__rig_get",
    "opengeni__rig_list",
    "opengeni__rig_promote",
    "opengeni__rig_propose_change",
    "opengeni__rig_verify",
    "opengeni__run_on",
    "opengeni__sandbox_attach",
    "opengeni__sandbox_file_publish",
    "opengeni__sandbox_provision",
    "opengeni__sandbox_swap",
    "opengeni__sandboxes_list",
    "opengeni__scheduled_task_runs_list",
    "opengeni__scheduled_tasks_create",
    "opengeni__scheduled_tasks_delete",
    "opengeni__scheduled_tasks_get",
    "opengeni__scheduled_tasks_list",
    "opengeni__scheduled_tasks_pause",
    "opengeni__scheduled_tasks_resume",
    "opengeni__scheduled_tasks_trigger",
    "opengeni__scheduled_tasks_update",
    "opengeni__session_create",
    "opengeni__session_events",
    "opengeni__session_get",
    "opengeni__session_human_input_respond",
    "opengeni__session_pause",
    "opengeni__session_resume",
    "opengeni__session_send_message",
    "opengeni__session_set_model",
    "opengeni__session_set_project",
    "opengeni__session_steer",
    "opengeni__session_wait",
    "opengeni__sessions_list",
    "opengeni__set_other_session_title",
    "opengeni__set_session_title",
    "opengeni__slack_bot_channel_history",
    "opengeni__slack_bot_delete_message",
    "opengeni__slack_bot_file_content",
    "opengeni__slack_bot_file_info",
    "opengeni__slack_bot_list_channels",
    "opengeni__slack_bot_list_files",
    "opengeni__slack_bot_list_users",
    "opengeni__slack_bot_post_message",
    "opengeni__slack_bot_prepare_message",
    "opengeni__slack_bot_search",
    "opengeni__slack_bot_send_prepared_message",
    "opengeni__slack_bot_thread_replies",
    "opengeni__slack_bot_upload_file",
    "opengeni__social_connections_list",
    "opengeni__social_daily_analysis_context",
    "opengeni__social_mentions_live",
    "opengeni__social_post_reply",
    "opengeni__social_posts_recent",
    "opengeni__social_posts_sync",
    "opengeni__social_search_live",
    "opengeni__social_thread_fetch",
    "opengeni__task_note_archive",
    "opengeni__task_note_promote_knowledge",
    "opengeni__task_note_replace",
    "opengeni__task_note_save",
    "opengeni__task_notes_list",
    "opengeni__variable_set_get_variable",
    "opengeni__variable_set_list",
    "opengeni__variable_set_set_variable",
    "opengeni__wait_for_input",
    "opengeni__work_claim_release",
    "opengeni__work_claim_upsert",
    "opengeni__x_accounts_list",
    "opengeni__x_mentions_live",
    "opengeni__x_post_reply",
    "opengeni__x_posts_sync",
    "opengeni__x_search_live",
    "opengeni__x_thread_fetch",
    "request_human_input",
    "skill_checkout",
    "skill_install",
    "skill_publish",
    "skill_read",
    "skill_remove",
    "skill_save",
    "skill_search",
    "web_search",
  ],
}
`;

exports[`agent configuration reaches the production model request automation creator retains null legacy and all request parity 1`] = `
{
  "hosted": [
    {
      "name": "web_search",
      "providerData": {
        "filters": undefined,
        "name": "web_search",
        "search_context_size": "medium",
        "type": "web_search",
        "user_location": undefined,
      },
      "type": "hosted_tool",
    },
    {
      "name": "image_generation",
      "providerData": {
        "background": undefined,
        "input_fidelity": undefined,
        "input_image_mask": undefined,
        "model": "gpt-image-2",
        "moderation": undefined,
        "name": "image_generation",
        "output_compression": undefined,
        "output_format": undefined,
        "partial_images": undefined,
        "quality": undefined,
        "size": undefined,
        "type": "image_generation",
      },
      "type": "hosted_tool",
    },
  ],
  "names": [
    "docs__search_documents",
    "files__search_documents",
    "image_generation",
    "interaction__browser_act",
    "interaction__browser_auth",
    "interaction__browser_clipboard",
    "interaction__browser_debug",
    "interaction__browser_download_save",
    "interaction__browser_downloads",
    "interaction__browser_identity",
    "interaction__browser_lifecycle",
    "interaction__browser_observe",
    "interaction__browser_open",
    "interaction__browser_publish",
    "interaction__browser_read",
    "interaction__browser_screenshot",
    "interaction__browser_tabs",
    "interaction__computer_act",
    "interaction__computer_clipboard",
    "interaction__computer_lifecycle",
    "interaction__computer_observe",
    "interaction__computer_open",
    "interaction__computer_targets",
    "interaction__interaction_discover",
    "interaction__interaction_request_human",
    "list_models",
    "mcp_5b24cf96faa123f406b2e094__search_documents",
    "opengeni__artifacts_archive",
    "opengeni__artifacts_create",
    "opengeni__artifacts_get_source",
    "opengeni__artifacts_list",
    "opengeni__artifacts_prepare_upload",
    "opengeni__artifacts_publish",
    "opengeni__artifacts_restore",
    "opengeni__artifacts_rollback",
    "opengeni__browser_act",
    "opengeni__browser_auth",
    "opengeni__browser_clipboard",
    "opengeni__browser_debug",
    "opengeni__browser_download_save",
    "opengeni__browser_downloads",
    "opengeni__browser_identity",
    "opengeni__browser_lifecycle",
    "opengeni__browser_observe",
    "opengeni__browser_open",
    "opengeni__browser_publish",
    "opengeni__browser_read",
    "opengeni__browser_screenshot",
    "opengeni__browser_tabs",
    "opengeni__capability_authorization_request",
    "opengeni__capability_catalog_search",
    "opengeni__company_profile_confirm",
    "opengeni__company_profile_propose",
    "opengeni__computer_act",
    "opengeni__computer_clipboard",
    "opengeni__computer_lifecycle",
    "opengeni__computer_observe",
    "opengeni__computer_open",
    "opengeni__computer_targets",
    "opengeni__connected_machine_enroll_token",
    "opengeni__connected_machine_remove",
    "opengeni__custom_mcp_setup_request",
    "opengeni__editable_artifact_apply",
    "opengeni__editable_artifact_create",
    "opengeni__editable_artifact_export",
    "opengeni__editable_artifact_export_status",
    "opengeni__editable_artifact_get",
    "opengeni__editable_artifact_import",
    "opengeni__editable_artifact_inspect",
    "opengeni__editable_artifact_list",
    "opengeni__environment_list",
    "opengeni__environment_set_variable",
    "opengeni__fiken_bank_accounts_list",
    "opengeni__fiken_companies_list",
    "opengeni__fiken_contact_create",
    "opengeni__fiken_contacts_list",
    "opengeni__fiken_invoice_draft_create",
    "opengeni__fiken_invoice_get",
    "opengeni__fiken_invoices_list",
    "opengeni__fiken_products_list",
    "opengeni__fiken_purchases_list",
    "opengeni__fiken_sales_list",
    "opengeni__github_connect_link",
    "opengeni__github_repositories_list",
    "opengeni__goal_complete",
    "opengeni__goal_pause",
    "opengeni__goal_progress",
    "opengeni__goal_resume",
    "opengeni__goal_set",
    "opengeni__goal_update",
    "opengeni__inbox_tidy",
    "opengeni__instruction_policy_get",
    "opengeni__instruction_policy_save",
    "opengeni__interaction_discover",
    "opengeni__interaction_request_human",
    "opengeni__knowledge_archive",
    "opengeni__knowledge_browse",
    "opengeni__knowledge_get",
    "opengeni__knowledge_prepare_save",
    "opengeni__knowledge_retain_file",
    "opengeni__knowledge_retain_message",
    "opengeni__knowledge_save",
    "opengeni__knowledge_search",
    "opengeni__notification_withdraw",
    "opengeni__notify_user",
    "opengeni__preference_registry_get",
    "opengeni__preference_registry_summary",
    "opengeni__project_create",
    "opengeni__project_delete",
    "opengeni__project_get",
    "opengeni__project_list",
    "opengeni__project_reorder",
    "opengeni__project_update",
    "opengeni__reddit_accounts_list",
    "opengeni__reddit_mentions_live",
    "opengeni__reddit_post_reply",
    "opengeni__reddit_posts_sync",
    "opengeni__reddit_search_live",
    "opengeni__reddit_thread_fetch",
    "opengeni__remember_confirm",
    "opengeni__rig_get",
    "opengeni__rig_list",
    "opengeni__rig_promote",
    "opengeni__rig_propose_change",
    "opengeni__rig_verify",
    "opengeni__run_on",
    "opengeni__sandbox_attach",
    "opengeni__sandbox_file_publish",
    "opengeni__sandbox_provision",
    "opengeni__sandbox_swap",
    "opengeni__sandboxes_list",
    "opengeni__scheduled_task_runs_list",
    "opengeni__scheduled_tasks_create",
    "opengeni__scheduled_tasks_delete",
    "opengeni__scheduled_tasks_get",
    "opengeni__scheduled_tasks_list",
    "opengeni__scheduled_tasks_pause",
    "opengeni__scheduled_tasks_resume",
    "opengeni__scheduled_tasks_trigger",
    "opengeni__scheduled_tasks_update",
    "opengeni__session_create",
    "opengeni__session_events",
    "opengeni__session_get",
    "opengeni__session_human_input_respond",
    "opengeni__session_pause",
    "opengeni__session_resume",
    "opengeni__session_send_message",
    "opengeni__session_set_model",
    "opengeni__session_set_project",
    "opengeni__session_steer",
    "opengeni__session_wait",
    "opengeni__sessions_list",
    "opengeni__set_other_session_title",
    "opengeni__set_session_title",
    "opengeni__slack_bot_channel_history",
    "opengeni__slack_bot_delete_message",
    "opengeni__slack_bot_file_content",
    "opengeni__slack_bot_file_info",
    "opengeni__slack_bot_list_channels",
    "opengeni__slack_bot_list_files",
    "opengeni__slack_bot_list_users",
    "opengeni__slack_bot_post_message",
    "opengeni__slack_bot_prepare_message",
    "opengeni__slack_bot_search",
    "opengeni__slack_bot_send_prepared_message",
    "opengeni__slack_bot_thread_replies",
    "opengeni__slack_bot_upload_file",
    "opengeni__social_connections_list",
    "opengeni__social_daily_analysis_context",
    "opengeni__social_mentions_live",
    "opengeni__social_post_reply",
    "opengeni__social_posts_recent",
    "opengeni__social_posts_sync",
    "opengeni__social_search_live",
    "opengeni__social_thread_fetch",
    "opengeni__task_note_archive",
    "opengeni__task_note_promote_knowledge",
    "opengeni__task_note_replace",
    "opengeni__task_note_save",
    "opengeni__task_notes_list",
    "opengeni__variable_set_get_variable",
    "opengeni__variable_set_list",
    "opengeni__variable_set_set_variable",
    "opengeni__wait_for_input",
    "opengeni__work_claim_release",
    "opengeni__work_claim_upsert",
    "opengeni__x_accounts_list",
    "opengeni__x_mentions_live",
    "opengeni__x_post_reply",
    "opengeni__x_posts_sync",
    "opengeni__x_search_live",
    "opengeni__x_thread_fetch",
    "request_human_input",
    "skill_checkout",
    "skill_install",
    "skill_publish",
    "skill_read",
    "skill_remove",
    "skill_save",
    "skill_search",
    "web_search",
  ],
}
`;

exports[`agent configuration reaches the production model request site_auth_maintenance creator retains null legacy and all request parity 1`] = `
{
  "hosted": [
    {
      "name": "web_search",
      "providerData": {
        "filters": undefined,
        "name": "web_search",
        "search_context_size": "medium",
        "type": "web_search",
        "user_location": undefined,
      },
      "type": "hosted_tool",
    },
    {
      "name": "image_generation",
      "providerData": {
        "background": undefined,
        "input_fidelity": undefined,
        "input_image_mask": undefined,
        "model": "gpt-image-2",
        "moderation": undefined,
        "name": "image_generation",
        "output_compression": undefined,
        "output_format": undefined,
        "partial_images": undefined,
        "quality": undefined,
        "size": undefined,
        "type": "image_generation",
      },
      "type": "hosted_tool",
    },
  ],
  "names": [
    "docs__search_documents",
    "files__search_documents",
    "image_generation",
    "interaction__browser_act",
    "interaction__browser_auth",
    "interaction__browser_clipboard",
    "interaction__browser_debug",
    "interaction__browser_download_save",
    "interaction__browser_downloads",
    "interaction__browser_identity",
    "interaction__browser_lifecycle",
    "interaction__browser_observe",
    "interaction__browser_open",
    "interaction__browser_publish",
    "interaction__browser_read",
    "interaction__browser_screenshot",
    "interaction__browser_tabs",
    "interaction__computer_act",
    "interaction__computer_clipboard",
    "interaction__computer_lifecycle",
    "interaction__computer_observe",
    "interaction__computer_open",
    "interaction__computer_targets",
    "interaction__interaction_discover",
    "interaction__interaction_request_human",
    "list_models",
    "mcp_5b24cf96faa123f406b2e094__search_documents",
    "opengeni__artifacts_archive",
    "opengeni__artifacts_create",
    "opengeni__artifacts_get_source",
    "opengeni__artifacts_list",
    "opengeni__artifacts_prepare_upload",
    "opengeni__artifacts_publish",
    "opengeni__artifacts_restore",
    "opengeni__artifacts_rollback",
    "opengeni__browser_act",
    "opengeni__browser_auth",
    "opengeni__browser_clipboard",
    "opengeni__browser_debug",
    "opengeni__browser_download_save",
    "opengeni__browser_downloads",
    "opengeni__browser_identity",
    "opengeni__browser_lifecycle",
    "opengeni__browser_observe",
    "opengeni__browser_open",
    "opengeni__browser_publish",
    "opengeni__browser_read",
    "opengeni__browser_screenshot",
    "opengeni__browser_tabs",
    "opengeni__capability_authorization_request",
    "opengeni__capability_catalog_search",
    "opengeni__company_profile_confirm",
    "opengeni__company_profile_propose",
    "opengeni__computer_act",
    "opengeni__computer_clipboard",
    "opengeni__computer_lifecycle",
    "opengeni__computer_observe",
    "opengeni__computer_open",
    "opengeni__computer_targets",
    "opengeni__connected_machine_enroll_token",
    "opengeni__connected_machine_remove",
    "opengeni__custom_mcp_setup_request",
    "opengeni__editable_artifact_apply",
    "opengeni__editable_artifact_create",
    "opengeni__editable_artifact_export",
    "opengeni__editable_artifact_export_status",
    "opengeni__editable_artifact_get",
    "opengeni__editable_artifact_import",
    "opengeni__editable_artifact_inspect",
    "opengeni__editable_artifact_list",
    "opengeni__environment_list",
    "opengeni__environment_set_variable",
    "opengeni__fiken_bank_accounts_list",
    "opengeni__fiken_companies_list",
    "opengeni__fiken_contact_create",
    "opengeni__fiken_contacts_list",
    "opengeni__fiken_invoice_draft_create",
    "opengeni__fiken_invoice_get",
    "opengeni__fiken_invoices_list",
    "opengeni__fiken_products_list",
    "opengeni__fiken_purchases_list",
    "opengeni__fiken_sales_list",
    "opengeni__github_connect_link",
    "opengeni__github_repositories_list",
    "opengeni__goal_complete",
    "opengeni__goal_pause",
    "opengeni__goal_progress",
    "opengeni__goal_resume",
    "opengeni__goal_set",
    "opengeni__goal_update",
    "opengeni__inbox_tidy",
    "opengeni__instruction_policy_get",
    "opengeni__instruction_policy_save",
    "opengeni__interaction_discover",
    "opengeni__interaction_request_human",
    "opengeni__knowledge_archive",
    "opengeni__knowledge_browse",
    "opengeni__knowledge_get",
    "opengeni__knowledge_prepare_save",
    "opengeni__knowledge_retain_file",
    "opengeni__knowledge_retain_message",
    "opengeni__knowledge_save",
    "opengeni__knowledge_search",
    "opengeni__notification_withdraw",
    "opengeni__notify_user",
    "opengeni__preference_registry_get",
    "opengeni__preference_registry_summary",
    "opengeni__project_create",
    "opengeni__project_delete",
    "opengeni__project_get",
    "opengeni__project_list",
    "opengeni__project_reorder",
    "opengeni__project_update",
    "opengeni__reddit_accounts_list",
    "opengeni__reddit_mentions_live",
    "opengeni__reddit_post_reply",
    "opengeni__reddit_posts_sync",
    "opengeni__reddit_search_live",
    "opengeni__reddit_thread_fetch",
    "opengeni__remember_confirm",
    "opengeni__rig_get",
    "opengeni__rig_list",
    "opengeni__rig_promote",
    "opengeni__rig_propose_change",
    "opengeni__rig_verify",
    "opengeni__run_on",
    "opengeni__sandbox_attach",
    "opengeni__sandbox_file_publish",
    "opengeni__sandbox_provision",
    "opengeni__sandbox_swap",
    "opengeni__sandboxes_list",
    "opengeni__scheduled_task_runs_list",
    "opengeni__scheduled_tasks_create",
    "opengeni__scheduled_tasks_delete",
    "opengeni__scheduled_tasks_get",
    "opengeni__scheduled_tasks_list",
    "opengeni__scheduled_tasks_pause",
    "opengeni__scheduled_tasks_resume",
    "opengeni__scheduled_tasks_trigger",
    "opengeni__scheduled_tasks_update",
    "opengeni__session_create",
    "opengeni__session_events",
    "opengeni__session_get",
    "opengeni__session_human_input_respond",
    "opengeni__session_pause",
    "opengeni__session_resume",
    "opengeni__session_send_message",
    "opengeni__session_set_model",
    "opengeni__session_set_project",
    "opengeni__session_steer",
    "opengeni__session_wait",
    "opengeni__sessions_list",
    "opengeni__set_other_session_title",
    "opengeni__set_session_title",
    "opengeni__slack_bot_channel_history",
    "opengeni__slack_bot_delete_message",
    "opengeni__slack_bot_file_content",
    "opengeni__slack_bot_file_info",
    "opengeni__slack_bot_list_channels",
    "opengeni__slack_bot_list_files",
    "opengeni__slack_bot_list_users",
    "opengeni__slack_bot_post_message",
    "opengeni__slack_bot_prepare_message",
    "opengeni__slack_bot_search",
    "opengeni__slack_bot_send_prepared_message",
    "opengeni__slack_bot_thread_replies",
    "opengeni__slack_bot_upload_file",
    "opengeni__social_connections_list",
    "opengeni__social_daily_analysis_context",
    "opengeni__social_mentions_live",
    "opengeni__social_post_reply",
    "opengeni__social_posts_recent",
    "opengeni__social_posts_sync",
    "opengeni__social_search_live",
    "opengeni__social_thread_fetch",
    "opengeni__task_note_archive",
    "opengeni__task_note_promote_knowledge",
    "opengeni__task_note_replace",
    "opengeni__task_note_save",
    "opengeni__task_notes_list",
    "opengeni__variable_set_get_variable",
    "opengeni__variable_set_list",
    "opengeni__variable_set_set_variable",
    "opengeni__wait_for_input",
    "opengeni__work_claim_release",
    "opengeni__work_claim_upsert",
    "opengeni__x_accounts_list",
    "opengeni__x_mentions_live",
    "opengeni__x_post_reply",
    "opengeni__x_posts_sync",
    "opengeni__x_search_live",
    "opengeni__x_thread_fetch",
    "request_human_input",
    "skill_checkout",
    "skill_install",
    "skill_publish",
    "skill_read",
    "skill_remove",
    "skill_save",
    "skill_search",
    "web_search",
  ],
}
`;

exports[`agent configuration reaches the production model request omitted and null configuration retain legacy request parity 1`] = `
{
  "hosted": [
    {
      "name": "web_search",
      "providerData": {
        "filters": undefined,
        "name": "web_search",
        "search_context_size": "medium",
        "type": "web_search",
        "user_location": undefined,
      },
      "type": "hosted_tool",
    },
    {
      "name": "image_generation",
      "providerData": {
        "background": undefined,
        "input_fidelity": undefined,
        "input_image_mask": undefined,
        "model": "gpt-image-2",
        "moderation": undefined,
        "name": "image_generation",
        "output_compression": undefined,
        "output_format": undefined,
        "partial_images": undefined,
        "quality": undefined,
        "size": undefined,
        "type": "image_generation",
      },
      "type": "hosted_tool",
    },
  ],
  "names": [
    "docs__search_documents",
    "files__search_documents",
    "image_generation",
    "interaction__browser_act",
    "interaction__browser_auth",
    "interaction__browser_clipboard",
    "interaction__browser_debug",
    "interaction__browser_download_save",
    "interaction__browser_downloads",
    "interaction__browser_identity",
    "interaction__browser_lifecycle",
    "interaction__browser_observe",
    "interaction__browser_open",
    "interaction__browser_publish",
    "interaction__browser_read",
    "interaction__browser_screenshot",
    "interaction__browser_tabs",
    "interaction__computer_act",
    "interaction__computer_clipboard",
    "interaction__computer_lifecycle",
    "interaction__computer_observe",
    "interaction__computer_open",
    "interaction__computer_targets",
    "interaction__interaction_discover",
    "interaction__interaction_request_human",
    "list_models",
    "mcp_5b24cf96faa123f406b2e094__search_documents",
    "opengeni__artifacts_archive",
    "opengeni__artifacts_create",
    "opengeni__artifacts_get_source",
    "opengeni__artifacts_list",
    "opengeni__artifacts_prepare_upload",
    "opengeni__artifacts_publish",
    "opengeni__artifacts_restore",
    "opengeni__artifacts_rollback",
    "opengeni__browser_act",
    "opengeni__browser_auth",
    "opengeni__browser_clipboard",
    "opengeni__browser_debug",
    "opengeni__browser_download_save",
    "opengeni__browser_downloads",
    "opengeni__browser_identity",
    "opengeni__browser_lifecycle",
    "opengeni__browser_observe",
    "opengeni__browser_open",
    "opengeni__browser_publish",
    "opengeni__browser_read",
    "opengeni__browser_screenshot",
    "opengeni__browser_tabs",
    "opengeni__capability_authorization_request",
    "opengeni__capability_catalog_search",
    "opengeni__company_profile_confirm",
    "opengeni__company_profile_propose",
    "opengeni__computer_act",
    "opengeni__computer_clipboard",
    "opengeni__computer_lifecycle",
    "opengeni__computer_observe",
    "opengeni__computer_open",
    "opengeni__computer_targets",
    "opengeni__connected_machine_enroll_token",
    "opengeni__connected_machine_remove",
    "opengeni__custom_mcp_setup_request",
    "opengeni__editable_artifact_apply",
    "opengeni__editable_artifact_create",
    "opengeni__editable_artifact_export",
    "opengeni__editable_artifact_export_status",
    "opengeni__editable_artifact_get",
    "opengeni__editable_artifact_import",
    "opengeni__editable_artifact_inspect",
    "opengeni__editable_artifact_list",
    "opengeni__environment_list",
    "opengeni__environment_set_variable",
    "opengeni__fiken_bank_accounts_list",
    "opengeni__fiken_companies_list",
    "opengeni__fiken_contact_create",
    "opengeni__fiken_contacts_list",
    "opengeni__fiken_invoice_draft_create",
    "opengeni__fiken_invoice_get",
    "opengeni__fiken_invoices_list",
    "opengeni__fiken_products_list",
    "opengeni__fiken_purchases_list",
    "opengeni__fiken_sales_list",
    "opengeni__github_connect_link",
    "opengeni__github_repositories_list",
    "opengeni__goal_complete",
    "opengeni__goal_pause",
    "opengeni__goal_progress",
    "opengeni__goal_resume",
    "opengeni__goal_set",
    "opengeni__goal_update",
    "opengeni__inbox_tidy",
    "opengeni__instruction_policy_get",
    "opengeni__instruction_policy_save",
    "opengeni__interaction_discover",
    "opengeni__interaction_request_human",
    "opengeni__knowledge_archive",
    "opengeni__knowledge_browse",
    "opengeni__knowledge_get",
    "opengeni__knowledge_prepare_save",
    "opengeni__knowledge_retain_file",
    "opengeni__knowledge_retain_message",
    "opengeni__knowledge_save",
    "opengeni__knowledge_search",
    "opengeni__notification_withdraw",
    "opengeni__notify_user",
    "opengeni__preference_registry_get",
    "opengeni__preference_registry_summary",
    "opengeni__project_create",
    "opengeni__project_delete",
    "opengeni__project_get",
    "opengeni__project_list",
    "opengeni__project_reorder",
    "opengeni__project_update",
    "opengeni__reddit_accounts_list",
    "opengeni__reddit_mentions_live",
    "opengeni__reddit_post_reply",
    "opengeni__reddit_posts_sync",
    "opengeni__reddit_search_live",
    "opengeni__reddit_thread_fetch",
    "opengeni__remember_confirm",
    "opengeni__rig_get",
    "opengeni__rig_list",
    "opengeni__rig_promote",
    "opengeni__rig_propose_change",
    "opengeni__rig_verify",
    "opengeni__run_on",
    "opengeni__sandbox_attach",
    "opengeni__sandbox_file_publish",
    "opengeni__sandbox_provision",
    "opengeni__sandbox_swap",
    "opengeni__sandboxes_list",
    "opengeni__scheduled_task_runs_list",
    "opengeni__scheduled_tasks_create",
    "opengeni__scheduled_tasks_delete",
    "opengeni__scheduled_tasks_get",
    "opengeni__scheduled_tasks_list",
    "opengeni__scheduled_tasks_pause",
    "opengeni__scheduled_tasks_resume",
    "opengeni__scheduled_tasks_trigger",
    "opengeni__scheduled_tasks_update",
    "opengeni__session_create",
    "opengeni__session_events",
    "opengeni__session_get",
    "opengeni__session_human_input_respond",
    "opengeni__session_pause",
    "opengeni__session_resume",
    "opengeni__session_send_message",
    "opengeni__session_set_model",
    "opengeni__session_set_project",
    "opengeni__session_steer",
    "opengeni__session_wait",
    "opengeni__sessions_list",
    "opengeni__set_other_session_title",
    "opengeni__set_session_title",
    "opengeni__slack_bot_channel_history",
    "opengeni__slack_bot_delete_message",
    "opengeni__slack_bot_file_content",
    "opengeni__slack_bot_file_info",
    "opengeni__slack_bot_list_channels",
    "opengeni__slack_bot_list_files",
    "opengeni__slack_bot_list_users",
    "opengeni__slack_bot_post_message",
    "opengeni__slack_bot_prepare_message",
    "opengeni__slack_bot_search",
    "opengeni__slack_bot_send_prepared_message",
    "opengeni__slack_bot_thread_replies",
    "opengeni__slack_bot_upload_file",
    "opengeni__social_connections_list",
    "opengeni__social_daily_analysis_context",
    "opengeni__social_mentions_live",
    "opengeni__social_post_reply",
    "opengeni__social_posts_recent",
    "opengeni__social_posts_sync",
    "opengeni__social_search_live",
    "opengeni__social_thread_fetch",
    "opengeni__task_note_archive",
    "opengeni__task_note_promote_knowledge",
    "opengeni__task_note_replace",
    "opengeni__task_note_save",
    "opengeni__task_notes_list",
    "opengeni__variable_set_get_variable",
    "opengeni__variable_set_list",
    "opengeni__variable_set_set_variable",
    "opengeni__wait_for_input",
    "opengeni__work_claim_release",
    "opengeni__work_claim_upsert",
    "opengeni__x_accounts_list",
    "opengeni__x_mentions_live",
    "opengeni__x_post_reply",
    "opengeni__x_posts_sync",
    "opengeni__x_search_live",
    "opengeni__x_thread_fetch",
    "request_human_input",
    "skill_checkout",
    "skill_install",
    "skill_publish",
    "skill_read",
    "skill_remove",
    "skill_save",
    "skill_search",
    "web_search",
  ],
}
`;
